{
  "name": "function-calling",
  "description": "Test function calling capabilities",
  "version": "1.0",
  "model": {
    "api": "openai",
    "configuration": {
      "type": "azure_openai",
      "azure_endpoint": "https://api.openai.com/v1"
    },
    "parameters": {
      "model": "gpt-4",
      "max_tokens": 300,
      "temperature": 0.1,
      "tools": [
        {
          "type": "function",
          "function": {
            "name": "get_weather",
            "description": "Get current weather information for a location",
            "parameters": {
              "type": "object",
              "properties": {
                "location": {
                  "type": "string",
                  "description": "The city and state, e.g. San Francisco, CA"
                },
                "unit": {
                  "type": "string",
                  "enum": ["celsius", "fahrenheit"],
                  "description": "The temperature unit"
                }
              },
              "required": ["location"]
            }
          }
        }
      ]
    }
  },
  "inputs": {
    "user_query": {
      "type": "string",
      "description": "User's weather query"
    }
  },
  "template": {
    "type": "jinja2",
    "parser": "prompty"
  },
  "content": "User query: {{user_query}}\n\nPlease help the user with their weather request. You have access to a get_weather function that can provide current weather information for any location.\n"
}
